{"utc":"2026-10-05T14:23:36.5430450Z","action":"activate-observed-native-window","windowId":3213706,"pid":141908,"allowedProcess":"narro-m7-validation","before":3149438,"after":3213706,"foregroundConfirmed":true}
{"utc":"2026-10-05T14:24:01.1110519Z","action":"native-uia-selection","windowId":3213706,"name":"\\\\.\\DISPLAY1 · 1920×1080 · 125%","observedOrdinal":1,"expectedMatches":1}
{"utc":"2026-10-05T14:24:52.5095308Z","action":"native-uia-selection","windowId":3213706,"name":"M7 PR235 CI953 live expiry break capture","observedOrdinal":1,"expectedMatches":1}
{"utc":"2026-10-05T14:24:53.8053757Z","action":"observed-unicode-SendInput","windowId":3213706,"pid":141908,"field":"New Today task title","text":"M7 PR235 CI953 D success125 reduced LongUnbrokenTitleForSuccessOverflowValidation1234567890","controlCharactersAllowed":false}
{"utc":"2026-10-05T14:24:54.4042517Z","action":"observed-text-value-after-input","windowId":3213706,"field":"New Today task title","value":"M7 PR235 CI953 D success125 reduced LongUnbrokenTitleForSuccessOverflowValidation1234567890","expectedTextPresent":true}
{"utc":"2026-10-05T14:24:54.8240214Z","action":"native-uia-setfocus","windowId":3213706,"name":"New Today task EST","bounds":"1418;506;128;33"}
{"utc":"2026-10-05T14:24:54.8746577Z","action":"observed-unicode-SendInput","windowId":3213706,"pid":141908,"field":"New Today task EST","text":"0:01:00","controlCharactersAllowed":false}
{"utc":"2026-10-05T14:24:55.3923738Z","action":"observed-text-value-after-input","windowId":3213706,"field":"New Today task EST","value":"0:01:00","expectedTextPresent":true}
{"utc":"2026-10-05T14:24:56.7330921Z","action":"observed-unicode-SendInput","windowId":3213706,"pid":141908,"field":"New Today task title","text":"M7 PR235 CI953 E επιτυχία 125% normal και έλεγχος κινούμενης διακόσμησης","controlCharactersAllowed":false}
{"utc":"2026-10-05T14:24:57.2985946Z","action":"observed-text-value-after-input","windowId":3213706,"field":"New Today task title","value":"M7 PR235 CI953 E επιτυχία 125% normal και έλεγχος κινούμενης διακόσμησης","expectedTextPresent":true}
{"utc":"2026-10-05T14:24:57.6732503Z","action":"native-uia-setfocus","windowId":3213706,"name":"New Today task EST","bounds":"1418;586;128;33"}
{"utc":"2026-10-05T14:24:57.7286044Z","action":"observed-unicode-SendInput","windowId":3213706,"pid":141908,"field":"New Today task EST","text":"0:01:00","controlCharactersAllowed":false}
{"utc":"2026-10-05T14:24:58.2383642Z","action":"observed-text-value-after-input","windowId":3213706,"field":"New Today task EST","value":"0:01:00","expectedTextPresent":true}
{"utc":"2026-10-05T14:24:59.2852330Z","action":"activate-observed-native-window","windowId":7471826,"pid":141908,"allowedProcess":"narro-m7-validation","before":3213706,"after":7471826,"foregroundConfirmed":true}
{"utc":"2026-10-05T14:25:35.0213062Z","action":"native-uia-selection","windowId":7471826,"name":"M7 PR235 CI953 live expiry break capture","observedOrdinal":1,"expectedMatches":1}
{"utc":"2026-10-05T14:25:35.4957505Z","action":"os-client-area-animation","request":"reduced","before":1,"after":0}
physicalCursor=-205,244
{"utc":"2026-10-05T14:26:31.0680594Z","action":"physical-scancode-chord","windowId":7471826,"pid":141908,"chord":"Tab","scancodes":[15],"injection":"keybd_event KEYEVENTF_SCANCODE; normal Windows input path"}
{"utc":"2026-10-05T14:26:31.7204309Z","action":"physical-scancode-chord","windowId":7471826,"pid":141908,"chord":"Shift+Tab","scancodes":[42,15],"injection":"keybd_event KEYEVENTF_SCANCODE; normal Windows input path"}
{"utc":"2026-10-05T14:26:32.2073818Z","action":"physical-scancode-chord","windowId":7471826,"pid":141908,"chord":"Escape","scancodes":[1],"injection":"keybd_event KEYEVENTF_SCANCODE; normal Windows input path"}
{"utc":"2026-10-05T14:27:06.5904820Z","action":"activate-observed-native-window","windowId":3213706,"pid":141908,"allowedProcess":"narro-m7-validation","before":7471826,"after":3213706,"foregroundConfirmed":true}
{"utc":"2026-10-05T14:27:08.9082139Z","action":"os-client-area-animation","request":"normal","before":0,"after":1}
{"utc":"2026-10-05T14:27:09.1915804Z","action":"activate-observed-native-window","windowId":7471826,"pid":141908,"allowedProcess":"narro-m7-validation","before":3213706,"after":7471826,"foregroundConfirmed":true}
{"utc":"2026-10-05T14:27:10.0672557Z","action":"native-uia-selection","windowId":7471826,"name":"M7 PR235 CI953 live expiry break capture","observedOrdinal":1,"expectedMatches":1}
physicalCursor=-205,244
{"utc":"2026-10-05T14:28:23.7272419Z","action":"native-uia-setfocus","windowId":7471826,"name":"Close","bounds":"-384;528;81;49"}
{"utc":"2026-10-05T14:28:23.8343183Z","action":"physical-scancode-chord","windowId":7471826,"pid":141908,"chord":"Ctrl+Alt+B","scancodes":[29,56,48],"injection":"keybd_event KEYEVENTF_SCANCODE; normal Windows input path"}
{"utc":"2026-10-05T14:28:24.6691085Z","action":"physical-scancode-chord","windowId":7471826,"pid":141908,"chord":"Ctrl+Alt+P","scancodes":[29,56,25],"injection":"keybd_event KEYEVENTF_SCANCODE; normal Windows input path"}
{"utc":"2026-10-05T14:28:25.5009564Z","action":"physical-scancode-chord","windowId":7471826,"pid":141908,"chord":"Ctrl+Alt+N","scancodes":[29,56,49],"injection":"keybd_event KEYEVENTF_SCANCODE; normal Windows input path"}
{"utc":"2026-10-05T14:28:27.5739982Z","action":"native-uia-selection","windowId":7471826,"name":"M7 PR235 CI953 live expiry break capture","observedOrdinal":1,"expectedMatches":1}
{"utc":"2026-10-05T14:29:12.6475188Z","action":"activate-observed-native-window","windowId":3213706,"pid":141908,"allowedProcess":"narro-m7-validation","before":7471826,"after":3213706,"foregroundConfirmed":true}
{"utc":"2026-10-05T14:29:15.1418601Z","action":"native-uia-selection","windowId":3213706,"name":"Primary display (automatic)","observedOrdinal":1,"expectedMatches":1}
{"utc":"2026-10-05T14:29:15.9790314Z","action":"activate-observed-native-window","windowId":7471826,"pid":141908,"allowedProcess":"narro-m7-validation","before":3213706,"after":7471826,"foregroundConfirmed":true}
{"utc":"2026-10-05T14:29:16.7940157Z","action":"native-uia-selection","windowId":7471826,"name":"M7 PR233 CI948 LongListBadge acceptance","observedOrdinal":1,"expectedMatches":1}
physicalCursor=-205,365
{"utc":"2026-10-05T14:29:48.6834750Z","action":"os-client-area-animation","request":"normal","before":1,"after":1}
