{"utc":"2026-10-05T09:11:50.2737450Z","action":"observed-unicode-SendInput","windowId":7471826,"pid":141908,"field":"New subtask for M7 PR233 CI948 LongUnbrokenTitleForNarrowMetricAndQueuedBadgeValidation1234567890","text":"CI953 Visual subtask 1 — readable normal row","controlCharactersAllowed":false}
{"utc":"2026-10-05T09:11:50.8829672Z","action":"observed-text-value-after-input","windowId":7471826,"field":"New subtask for M7 PR233 CI948 LongUnbrokenTitleForNarrowMetricAndQueuedBadgeValidation1234567890","value":"CI953 Visual subtask 1 — readable normal row","expectedTextPresent":true}
{"utc":"2026-10-05T09:12:21.9134262Z","action":"native-uia-setfocus","windowId":7471826,"name":"New subtask for M7 PR233 CI948 LongUnbrokenTitleForNarrowMetricAndQueuedBadgeValidation1234567890","bounds":"676;713;321;41"}
{"utc":"2026-10-05T09:12:22.3308809Z","action":"observed-unicode-SendInput","windowId":7471826,"pid":141908,"field":"New subtask for M7 PR233 CI948 LongUnbrokenTitleForNarrowMetricAndQueuedBadgeValidation1234567890","text":"CI953VisualSubtask2LongUnbrokenTitleForOverflowTooltipAndNarrowRowAcceptance1234567890ABCDEFGHIJKLMNOPQRSTUVWXYZ","controlCharactersAllowed":false}
{"utc":"2026-10-05T09:12:22.9994948Z","action":"observed-text-value-after-input","windowId":7471826,"field":"New subtask for M7 PR233 CI948 LongUnbrokenTitleForNarrowMetricAndQueuedBadgeValidation1234567890","value":"CI953VisualSubtask2LongUnbrokenTitleForOverflowTooltipAndNarrowRowAcceptance1234567890ABCDEFGHIJKLMNOPQRSTUVWXYZ","expectedTextPresent":true}
{"utc":"2026-10-05T09:12:23.9640466Z","action":"native-uia-setfocus","windowId":7471826,"name":"New subtask for M7 PR233 CI948 LongUnbrokenTitleForNarrowMetricAndQueuedBadgeValidation1234567890","bounds":"676;763;321;41"}
{"utc":"2026-10-05T09:12:24.0140531Z","action":"observed-unicode-SendInput","windowId":7471826,"pid":141908,"field":"New subtask for M7 PR233 CI948 LongUnbrokenTitleForNarrowMetricAndQueuedBadgeValidation1234567890","text":"CI953 Οπτικός έλεγχος 3 — μεγάλη ελληνική περιγραφή για αναδίπλωση και πλήρη τίτλο","controlCharactersAllowed":false}
{"utc":"2026-10-05T09:12:24.6410631Z","action":"observed-text-value-after-input","windowId":7471826,"field":"New subtask for M7 PR233 CI948 LongUnbrokenTitleForNarrowMetricAndQueuedBadgeValidation1234567890","value":"CI953 Οπτικός έλεγχος 3 — μεγάλη ελληνική περιγραφή για αναδίπλωση και πλήρη τίτλο","expectedTextPresent":true}
{"utc":"2026-10-05T09:12:25.3630657Z","action":"native-uia-setfocus","windowId":7471826,"name":"New subtask for M7 PR233 CI948 LongUnbrokenTitleForNarrowMetricAndQueuedBadgeValidation1234567890","bounds":"676;813;321;41"}
{"utc":"2026-10-05T09:12:25.4204671Z","action":"observed-unicode-SendInput","windowId":7471826,"pid":141908,"field":"New subtask for M7 PR233 CI948 LongUnbrokenTitleForNarrowMetricAndQueuedBadgeValidation1234567890","text":"CI953 Visual subtask 4 — reorder companion","controlCharactersAllowed":false}
{"utc":"2026-10-05T09:12:25.9931731Z","action":"observed-text-value-after-input","windowId":7471826,"field":"New subtask for M7 PR233 CI948 LongUnbrokenTitleForNarrowMetricAndQueuedBadgeValidation1234567890","value":"CI953 Visual subtask 4 — reorder companion","expectedTextPresent":true}
physicalCursor=820,730
{"utc":"2026-10-05T09:14:56.0485620Z","action":"native-uia-setfocus","windowId":7471826,"name":"Task note","bounds":"676;659;374;101"}
{"utc":"2026-10-05T09:14:56.4530770Z","action":"observed-unicode-SendInput","windowId":7471826,"pid":141908,"field":"Task note","text":"CI953 owned visual Notes fixture — long text, wrapping, formatting and persistent reopen.","controlCharactersAllowed":false}
{"utc":"2026-10-05T09:14:57.0921973Z","action":"observed-text-value-after-input","windowId":7471826,"field":"Task note","value":"CI953 owned visual Notes fixture — long text, wrapping, formatting and persistent reopen.","expectedTextPresent":true}
{"utc":"2026-10-05T09:14:57.1762313Z","action":"physical-scancode-chord","windowId":7471826,"pid":141908,"chord":"Enter","scancodes":[28],"injection":"keybd_event KEYEVENTF_SCANCODE; normal Windows input path"}
{"utc":"2026-10-05T09:14:57.6495839Z","action":"observed-unicode-SendInput","windowId":7471826,"pid":141908,"field":"Task note","text":"Ελληνικό κείμενο για έλεγχο αναδίπλωσης: οι γραμμές πρέπει να μένουν μέσα στον editor και τα controls να παραμένουν προσβάσιμα.","controlCharactersAllowed":false}
{"utc":"2026-10-05T09:14:58.3186401Z","action":"observed-text-value-after-input","windowId":7471826,"field":"Task note","value":"CI953 owned visual Notes fixture — long text, wrapping, formatting and persistent reopen.\nΕλληνικό κείμενο για έλεγχο αναδίπλωσης: οι γραμμές πρέπει να μένουν μέσα στον editor και τα controls να παραμένουν προσβάσιμα.","expectedTextPresent":true}
{"utc":"2026-10-05T09:14:58.3244011Z","action":"physical-scancode-chord","windowId":7471826,"pid":141908,"chord":"Enter","scancodes":[28],"injection":"keybd_event KEYEVENTF_SCANCODE; normal Windows input path"}
{"utc":"2026-10-05T09:14:58.7693403Z","action":"observed-unicode-SendInput","windowId":7471826,"pid":141908,"field":"Task note","text":"LongUnbrokenNotesTokenForHorizontalOverflowValidation1234567890ABCDEFGHIJKLMNOPQRSTUVWXYZabcdefghijklmnopqrstuvwxyz0123456789","controlCharactersAllowed":false}
{"utc":"2026-10-05T09:14:59.4378842Z","action":"observed-text-value-after-input","windowId":7471826,"field":"Task note","value":"CI953 owned visual Notes fixture — long text, wrapping, formatting and persistent reopen.\nΕλληνικό κείμενο για έλεγχο αναδίπλωσης: οι γραμμές πρέπει να μένουν μέσα στον editor και τα controls να παραμένουν προσβάσιμα.\nLongUnbrokenNotesTokenForHorizontalOverflowValidation1234567890ABCDEFGHIJKLMNOPQRSTUVWXYZabcdefghijklmnopqrstuvwxyz0123456789","expectedTextPresent":true}
{"utc":"2026-10-05T09:14:59.4439705Z","action":"physical-scancode-chord","windowId":7471826,"pid":141908,"chord":"Enter","scancodes":[28],"injection":"keybd_event KEYEVENTF_SCANCODE; normal Windows input path"}
{"utc":"2026-10-05T09:14:59.8765358Z","action":"observed-unicode-SendInput","windowId":7471826,"pid":141908,"field":"Task note","text":"Explicit URL only: https://example.invalid/ci953-visual-notes — no browser activation requested.","controlCharactersAllowed":false}
{"utc":"2026-10-05T09:15:00.5014565Z","action":"observed-text-value-after-input","windowId":7471826,"field":"Task note","value":"CI953 owned visual Notes fixture — long text, wrapping, formatting and persistent reopen.\nΕλληνικό κείμενο για έλεγχο αναδίπλωσης: οι γραμμές πρέπει να μένουν μέσα στον editor και τα controls να παραμένουν προσβάσιμα.\nLongUnbrokenNotesTokenForHorizontalOverflowValidation1234567890ABCDEFGHIJKLMNOPQRSTUVWXYZabcdefghijklmnopqrstuvwxyz0123456789\nExplicit URL only: https://example.invalid/ci953-visual-notes — no browser activation requested.","expectedTextPresent":true}
{"utc":"2026-10-05T09:15:00.5066587Z","action":"physical-scancode-chord","windowId":7471826,"pid":141908,"chord":"Enter","scancodes":[28],"injection":"keybd_event KEYEVENTF_SCANCODE; normal Windows input path"}
{"utc":"2026-10-05T09:15:00.9790438Z","action":"observed-unicode-SendInput","windowId":7471826,"pid":141908,"field":"Task note","text":"Paragraph five: longer reading content for inline scroll, large editor containment, keyboard selection and return to compact Notes.","controlCharactersAllowed":false}
{"utc":"2026-10-05T09:15:01.6240918Z","action":"observed-text-value-after-input","windowId":7471826,"field":"Task note","value":"CI953 owned visual Notes fixture — long text, wrapping, formatting and persistent reopen.\nΕλληνικό κείμενο για έλεγχο αναδίπλωσης: οι γραμμές πρέπει να μένουν μέσα στον editor και τα controls να παραμένουν προσβάσιμα.\nLongUnbrokenNotesTokenForHorizontalOverflowValidation1234567890ABCDEFGHIJKLMNOPQRSTUVWXYZabcdefghijklmnopqrstuvwxyz0123456789\nExplicit URL only: https://example.invalid/ci953-visual-notes — no browser activation requested.\nParagraph five: longer reading content for inline scroll, large editor containment, keyboard selection and return to compact Notes.","expectedTextPresent":true}
{"utc":"2026-10-05T09:15:01.6300075Z","action":"physical-scancode-chord","windowId":7471826,"pid":141908,"chord":"Enter","scancodes":[28],"injection":"keybd_event KEYEVENTF_SCANCODE; normal Windows input path"}
{"utc":"2026-10-05T09:15:02.0709563Z","action":"observed-unicode-SendInput","windowId":7471826,"pid":141908,"field":"Task note","text":"Final line — durable Notes text belongs only to this clearly identified CI953 validation task.","controlCharactersAllowed":false}
{"utc":"2026-10-05T09:15:02.7044302Z","action":"observed-text-value-after-input","windowId":7471826,"field":"Task note","value":"CI953 owned visual Notes fixture — long text, wrapping, formatting and persistent reopen.\nΕλληνικό κείμενο για έλεγχο αναδίπλωσης: οι γραμμές πρέπει να μένουν μέσα στον editor και τα controls να παραμένουν προσβάσιμα.\nLongUnbrokenNotesTokenForHorizontalOverflowValidation1234567890ABCDEFGHIJKLMNOPQRSTUVWXYZabcdefghijklmnopqrstuvwxyz0123456789\nExplicit URL only: https://example.invalid/ci953-visual-notes — no browser activation requested.\nParagraph five: longer reading content for inline scroll, large editor containment, keyboard selection and return to compact Notes.\nFinal line — durable Notes text belongs only to this clearly identified CI953 validation task.","expectedTextPresent":true}
{"utc":"2026-10-05T09:15:02.7100699Z","action":"physical-scancode-chord","windowId":7471826,"pid":141908,"chord":"Ctrl+A","scancodes":[29,30],"injection":"keybd_event KEYEVENTF_SCANCODE; normal Windows input path"}
{"utc":"2026-10-05T09:16:38.2254525Z","action":"native-uia-setfocus","windowId":7471826,"name":"Task note","bounds":"1516;86;383;721"}
{"utc":"2026-10-05T09:17:28.2872401Z","action":"physical-scancode-chord","windowId":7471826,"pid":141908,"chord":"Ctrl+Home","scancodes":[29,71],"injection":"keybd_event KEYEVENTF_SCANCODE; normal Windows input path"}
{"utc":"2026-10-05T09:17:29.3679766Z","action":"physical-scancode-chord","windowId":7471826,"pid":141908,"chord":"Ctrl+End","scancodes":[29,79],"injection":"keybd_event KEYEVENTF_SCANCODE; normal Windows input path"}
{"utc":"2026-10-05T09:17:30.5629297Z","action":"os-client-area-animation","request":"reduced","before":1,"after":0}
{"utc":"2026-10-05T09:17:34.9359576Z","action":"physical-scancode-chord","windowId":7471826,"pid":141908,"chord":"Ctrl+Shift+P","scancodes":[29,42,25],"injection":"keybd_event KEYEVENTF_SCANCODE; normal Windows input path"}
{"utc":"2026-10-05T09:17:37.9434655Z","action":"activate-observed-native-window","windowId":3213706,"pid":141908,"allowedProcess":"narro-m7-validation","before":7471826,"after":3213706,"foregroundConfirmed":true}
{"utc":"2026-10-05T09:18:20.7146639Z","action":"activate-observed-native-window","windowId":3213706,"pid":141908,"allowedProcess":"narro-m7-validation","before":3213706,"after":3213706,"foregroundConfirmed":true}
{"utc":"2026-10-05T09:20:43.3244092Z","action":"native-uia-setfocus","windowId":3213706,"name":"Task note","bounds":"341;178;1238;696"}
{"utc":"2026-10-05T09:20:43.4353323Z","action":"physical-scancode-chord","windowId":3213706,"pid":141908,"chord":"Ctrl+Home","scancodes":[29,71],"injection":"keybd_event KEYEVENTF_SCANCODE; normal Windows input path"}
{"utc":"2026-10-05T09:20:43.9657453Z","action":"physical-scancode-chord","windowId":3213706,"pid":141908,"chord":"Ctrl+End","scancodes":[29,79],"injection":"keybd_event KEYEVENTF_SCANCODE; normal Windows input path"}
{"utc":"2026-10-05T09:20:44.4597063Z","action":"physical-scancode-chord","windowId":3213706,"pid":141908,"chord":"Tab","scancodes":[15],"injection":"keybd_event KEYEVENTF_SCANCODE; normal Windows input path"}
{"utc":"2026-10-05T09:20:44.8525896Z","action":"physical-scancode-chord","windowId":3213706,"pid":141908,"chord":"Shift+Tab","scancodes":[42,15],"injection":"keybd_event KEYEVENTF_SCANCODE; normal Windows input path"}
{"utc":"2026-10-05T09:20:45.3447821Z","action":"physical-scancode-chord","windowId":3213706,"pid":141908,"chord":"Escape","scancodes":[1],"injection":"keybd_event KEYEVENTF_SCANCODE; normal Windows input path"}
{"utc":"2026-10-05T09:21:25.3410231Z","action":"physical-mouse-wheel","windowId":3213706,"x":1340,"y":850,"delta":-600}
{"utc":"2026-10-05T09:21:26.9437468Z","action":"physical-mouse-wheel","windowId":3213706,"x":1340,"y":850,"delta":-1440}
{"utc":"2026-10-05T09:21:27.9593903Z","action":"physical-scancode-chord","windowId":3213706,"pid":141908,"chord":"Tab","scancodes":[15],"injection":"keybd_event KEYEVENTF_SCANCODE; normal Windows input path"}
{"utc":"2026-10-05T09:21:28.3517556Z","action":"physical-scancode-chord","windowId":3213706,"pid":141908,"chord":"Tab","scancodes":[15],"injection":"keybd_event KEYEVENTF_SCANCODE; normal Windows input path"}
{"utc":"2026-10-05T09:21:28.7423799Z","action":"physical-scancode-chord","windowId":3213706,"pid":141908,"chord":"Shift+Tab","scancodes":[42,15],"injection":"keybd_event KEYEVENTF_SCANCODE; normal Windows input path"}
{"utc":"2026-10-05T09:21:29.3530162Z","action":"os-client-area-animation","request":"normal","before":0,"after":1}
{"utc":"2026-10-05T09:22:14.3761621Z","action":"physical-mouse-wheel","windowId":3213706,"x":1340,"y":850,"delta":-5000}
physicalCursor=992,695
{"utc":"2026-10-05T09:23:24.5349252Z","action":"physical-scancode-chord","windowId":3213706,"pid":141908,"chord":"Escape","scancodes":[1],"injection":"keybd_event KEYEVENTF_SCANCODE; normal Windows input path"}
physicalCursor=532,264
{"utc":"2026-10-05T09:24:40.5779124Z","action":"physical-scancode-chord","windowId":3213706,"pid":141908,"chord":"Tab","scancodes":[15],"injection":"keybd_event KEYEVENTF_SCANCODE; normal Windows input path"}
{"utc":"2026-10-05T09:24:40.9804946Z","action":"physical-scancode-chord","windowId":3213706,"pid":141908,"chord":"Tab","scancodes":[15],"injection":"keybd_event KEYEVENTF_SCANCODE; normal Windows input path"}
{"utc":"2026-10-05T09:24:41.3787923Z","action":"physical-scancode-chord","windowId":3213706,"pid":141908,"chord":"Escape","scancodes":[1],"injection":"keybd_event KEYEVENTF_SCANCODE; normal Windows input path"}
{"utc":"2026-10-05T09:27:39.0544340Z","action":"physical-scancode-chord","windowId":3213706,"pid":141908,"chord":"Escape","scancodes":[1],"injection":"keybd_event KEYEVENTF_SCANCODE; normal Windows input path"}
{"utc":"2026-10-05T09:27:41.5009785Z","action":"native-uia-setfocus","windowId":3213706,"name":"Light theme — Use Narro's light surfaces","bounds":"1396;751;98;45"}
{"utc":"2026-10-05T09:27:41.5069666Z","action":"physical-scancode-chord","windowId":3213706,"pid":141908,"chord":"Ctrl+End","scancodes":[29,79],"injection":"keybd_event KEYEVENTF_SCANCODE; normal Windows input path"}
{"utc":"2026-10-05T09:28:10.5489705Z","action":"physical-mouse-wheel","windowId":3213706,"x":1340,"y":850,"delta":-1440}
{"utc":"2026-10-05T09:28:11.3700721Z","action":"physical-mouse-wheel","windowId":3213706,"x":1340,"y":850,"delta":-1440}
{"utc":"2026-10-05T09:28:12.1637682Z","action":"physical-mouse-wheel","windowId":3213706,"x":1340,"y":850,"delta":-1440}
{"utc":"2026-10-05T09:28:12.9526861Z","action":"physical-mouse-wheel","windowId":3213706,"x":1340,"y":850,"delta":-1440}
{"utc":"2026-10-05T09:28:14.4616206Z","action":"physical-scancode-chord","windowId":3213706,"pid":141908,"chord":"Ctrl+Shift+T","scancodes":[29,42,20],"injection":"keybd_event KEYEVENTF_SCANCODE; normal Windows input path"}
