{"utc":"2026-10-05T13:24:30.5741511Z","action":"focused-webview-keyboard-layout","request":"greek","focus":2230852,"active":3213706,"pid":67460,"before":"4080408","after":"4080408","originalFocus":2230852,"originalThread":109616,"currentThread":109616}
{"utc":"2026-10-05T13:24:30.6771375Z","action":"physical-scancode-chord","windowId":3213706,"pid":141908,"chord":"Ctrl+Alt+T","scancodes":[29,56,20],"injection":"keybd_event KEYEVENTF_SCANCODE; normal Windows input path"}
{"utc":"2026-10-05T13:25:19.8388189Z","action":"observed-unicode-SendInput","windowId":3213706,"pid":141908,"field":"Task title","text":"CI953 Greek OS layout draft","controlCharactersAllowed":false}
{"utc":"2026-10-05T13:25:20.4028436Z","action":"observed-text-value-after-input","windowId":3213706,"field":"Task title","value":"CI953 Greek OS layout draft","expectedTextPresent":true}
{"utc":"2026-10-05T13:25:20.8649695Z","action":"native-uia-setfocus","windowId":3213706,"name":"Add task","bounds":"1431;701;113;41"}
{"utc":"2026-10-05T13:25:20.9660987Z","action":"focused-webview-keyboard-layout","request":"read","focus":2230852,"active":3213706,"pid":67460,"before":"4080408","after":"4080408","originalFocus":2230852,"originalThread":109616,"currentThread":109616}
{"utc":"2026-10-05T13:25:21.0517745Z","action":"physical-scancode-chord","windowId":3213706,"pid":141908,"chord":"Ctrl+Alt+B","scancodes":[29,56,48],"injection":"keybd_event KEYEVENTF_SCANCODE; normal Windows input path"}
{"utc":"2026-10-05T13:25:22.2296301Z","action":"physical-scancode-chord","windowId":3213706,"pid":141908,"chord":"Ctrl+Alt+P","scancodes":[29,56,25],"injection":"keybd_event KEYEVENTF_SCANCODE; normal Windows input path"}
{"utc":"2026-10-05T13:25:23.2501406Z","action":"physical-scancode-chord","windowId":3213706,"pid":141908,"chord":"Ctrl+Alt+N","scancodes":[29,56,49],"injection":"keybd_event KEYEVENTF_SCANCODE; normal Windows input path"}
{"utc":"2026-10-05T13:25:24.2612511Z","action":"physical-scancode-chord","windowId":3213706,"pid":141908,"chord":"Escape","scancodes":[1],"injection":"keybd_event KEYEVENTF_SCANCODE; normal Windows input path"}
{"utc":"2026-10-05T13:25:25.1681537Z","action":"focused-webview-keyboard-layout","request":"english","focus":2230852,"active":3213706,"pid":67460,"before":"4080408","after":"4090409","originalFocus":2230852,"originalThread":109616,"currentThread":109616}
{"utc":"2026-10-05T13:25:25.5164682Z","action":"physical-scancode-chord","windowId":7471826,"pid":141908,"chord":"Ctrl+Shift+T","scancodes":[29,42,20],"injection":"keybd_event KEYEVENTF_SCANCODE; normal Windows input path"}
{"utc":"2026-10-05T13:26:01.8448107Z","action":"focused-webview-keyboard-layout","request":"greek","focus":7341930,"active":7471826,"pid":67460,"before":"4090409","after":"4080408","originalFocus":7341930,"originalThread":109616,"currentThread":109616}
{"utc":"2026-10-05T13:26:02.1142821Z","action":"physical-scancode-chord","windowId":7471826,"pid":141908,"chord":"Ctrl+Alt+T","scancodes":[29,56,20],"injection":"keybd_event KEYEVENTF_SCANCODE; normal Windows input path"}
{"utc":"2026-10-05T13:26:03.4503248Z","action":"observed-unicode-SendInput","windowId":7471826,"pid":141908,"field":"Task title","text":"CI953 Greek OS Focus draft","controlCharactersAllowed":false}
{"utc":"2026-10-05T13:26:03.9783966Z","action":"observed-text-value-after-input","windowId":7471826,"field":"Task title","value":"CI953 Greek OS Focus draft","expectedTextPresent":true}
{"utc":"2026-10-05T13:26:04.4022501Z","action":"native-uia-setfocus","windowId":7471826,"name":"Add task","bounds":"2419;499;112;41"}
{"utc":"2026-10-05T13:26:04.4075847Z","action":"focused-webview-keyboard-layout","request":"read","focus":7341930,"active":7471826,"pid":67460,"before":"4080408","after":"4080408","originalFocus":7341930,"originalThread":109616,"currentThread":109616}
{"utc":"2026-10-05T13:26:04.4139904Z","action":"physical-scancode-chord","windowId":7471826,"pid":141908,"chord":"Ctrl+Alt+B","scancodes":[29,56,48],"injection":"keybd_event KEYEVENTF_SCANCODE; normal Windows input path"}
{"utc":"2026-10-05T13:26:05.3418562Z","action":"physical-scancode-chord","windowId":7471826,"pid":141908,"chord":"Ctrl+Alt+P","scancodes":[29,56,25],"injection":"keybd_event KEYEVENTF_SCANCODE; normal Windows input path"}
{"utc":"2026-10-05T13:26:06.2522606Z","action":"physical-scancode-chord","windowId":7471826,"pid":141908,"chord":"Ctrl+Alt+N","scancodes":[29,56,49],"injection":"keybd_event KEYEVENTF_SCANCODE; normal Windows input path"}
{"utc":"2026-10-05T13:26:07.1598306Z","action":"physical-scancode-chord","windowId":7471826,"pid":141908,"chord":"Escape","scancodes":[1],"injection":"keybd_event KEYEVENTF_SCANCODE; normal Windows input path"}
{"utc":"2026-10-05T13:26:08.0607009Z","action":"focused-webview-keyboard-layout","request":"english","focus":7341930,"active":7471826,"pid":67460,"before":"4080408","after":"4090409","originalFocus":7341930,"originalThread":109616,"currentThread":109616}
{"utc":"2026-10-05T13:26:08.0656269Z","action":"physical-scancode-chord","windowId":7471826,"pid":141908,"chord":"Ctrl+Shift+T","scancodes":[29,42,20],"injection":"keybd_event KEYEVENTF_SCANCODE; normal Windows input path"}
